[36mvite v6.4.3 [32mbuilding for production...[36m[39m
transforming...
[32mÔ£ô[39m 2088 modules transformed.
